John was added
They are player number 1
Mary was added
They are player number 2
John is the current player
They have rolled a 5
John's new location is 5
The category is Science
Science Question 0
Answer was correct!!!!
John now has 1 Gold Coins.
Mary is the current player
They have rolled a 4
Mary's new location is 4
The category is Pop
Pop Question 0
Question was incorrectly answered
Mary was sent to the penalty box
John is the current player
They have rolled a 4
John's new location is 9
The category is Science
Science Question 1
Answer was correct!!!!
John now has 2 Gold Coins.
Mary is the current player
They have rolled a 2
Mary is not getting out of the penalty box
John is the current player
They have rolled a 6
John's new location is 3
The category is Rock
Rock Question 0
Answer was correct!!!!
John now has 3 Gold Coins.
Mary is the current player
They have rolled a 9
Mary is getting out of the penalty box
Mary's new location is 1
The category is Science
Science Question 2
Answer was correct!!!!
Mary now has 1 Gold Coins.
John is the current player
They have rolled a 2
John's new location is 5
The category is Science
Science Question 3
Answer was correct!!!!
John now has 4 Gold Coins.
Mary is the current player
They have rolled a 1
Mary is getting out of the penalty box
Mary's new location is 2
The category is Sports
Sports Question 0
Answer was correct!!!!
Mary now has 2 Gold Coins.
